Archive member included to satisfy reference by file (symbol)

d:/stm32cubeide_1.0.2/stm32cubeide/plugins/com.st.stm32cube.ide.mcu.externaltools.gnu-tools-for-stm32.7-2018-q2-update.win32_1.0.0.201904181610/tools/bin/../lib/gcc/arm-none-eabi/7.3.1/../../../../arm-none-eabi/lib/thumb/v7-m\libc_nano.a(lib_a-errno.o)
                              Src/syscalls.o (__errno)
d:/stm32cubeide_1.0.2/stm32cubeide/plugins/com.st.stm32cube.ide.mcu.externaltools.gnu-tools-for-stm32.7-2018-q2-update.win32_1.0.0.201904181610/tools/bin/../lib/gcc/arm-none-eabi/7.3.1/../../../../arm-none-eabi/lib/thumb/v7-m\libc_nano.a(lib_a-exit.o)
                              d:/stm32cubeide_1.0.2/stm32cubeide/plugins/com.st.stm32cube.ide.mcu.externaltools.gnu-tools-for-stm32.7-2018-q2-update.win32_1.0.0.201904181610/tools/bin/../lib/gcc/arm-none-eabi/7.3.1/../../../../arm-none-eabi/lib/thumb/v7-m/crt0.o (exit)
d:/stm32cubeide_1.0.2/stm32cubeide/plugins/com.st.stm32cube.ide.mcu.externaltools.gnu-tools-for-stm32.7-2018-q2-update.win32_1.0.0.201904181610/tools/bin/../lib/gcc/arm-none-eabi/7.3.1/../../../../arm-none-eabi/lib/thumb/v7-m\libc_nano.a(lib_a-impure.o)
                              d:/stm32cubeide_1.0.2/stm32cubeide/plugins/com.st.stm32cube.ide.mcu.externaltools.gnu-tools-for-stm32.7-2018-q2-update.win32_1.0.0.201904181610/tools/bin/../lib/gcc/arm-none-eabi/7.3.1/../../../../arm-none-eabi/lib/thumb/v7-m\libc_nano.a(lib_a-exit.o) (_global_impure_ptr)
d:/stm32cubeide_1.0.2/stm32cubeide/plugins/com.st.stm32cube.ide.mcu.externaltools.gnu-tools-for-stm32.7-2018-q2-update.win32_1.0.0.201904181610/tools/bin/../lib/gcc/arm-none-eabi/7.3.1/../../../../arm-none-eabi/lib/thumb/v7-m\libc_nano.a(lib_a-init.o)
                              d:/stm32cubeide_1.0.2/stm32cubeide/plugins/com.st.stm32cube.ide.mcu.externaltools.gnu-tools-for-stm32.7-2018-q2-update.win32_1.0.0.201904181610/tools/bin/../lib/gcc/arm-none-eabi/7.3.1/../../../../arm-none-eabi/lib/thumb/v7-m/crt0.o (__libc_init_array)
d:/stm32cubeide_1.0.2/stm32cubeide/plugins/com.st.stm32cube.ide.mcu.externaltools.gnu-tools-for-stm32.7-2018-q2-update.win32_1.0.0.201904181610/tools/bin/../lib/gcc/arm-none-eabi/7.3.1/../../../../arm-none-eabi/lib/thumb/v7-m\libc_nano.a(lib_a-memset.o)
                              d:/stm32cubeide_1.0.2/stm32cubeide/plugins/com.st.stm32cube.ide.mcu.externaltools.gnu-tools-for-stm32.7-2018-q2-update.win32_1.0.0.201904181610/tools/bin/../lib/gcc/arm-none-eabi/7.3.1/../../../../arm-none-eabi/lib/thumb/v7-m/crt0.o (memset)
d:/stm32cubeide_1.0.2/stm32cubeide/plugins/com.st.stm32cube.ide.mcu.externaltools.gnu-tools-for-stm32.7-2018-q2-update.win32_1.0.0.201904181610/tools/bin/../lib/gcc/arm-none-eabi/7.3.1/../../../../arm-none-eabi/lib/thumb/v7-m\libc_nano.a(lib_a-rand.o)
                              Src/run.o (rand)
d:/stm32cubeide_1.0.2/stm32cubeide/plugins/com.st.stm32cube.ide.mcu.externaltools.gnu-tools-for-stm32.7-2018-q2-update.win32_1.0.0.201904181610/tools/bin/../lib/gcc/arm-none-eabi/7.3.1/../../../../arm-none-eabi/lib/thumb/v7-m\libc_nano.a(lib_a-malloc.o)
                              d:/stm32cubeide_1.0.2/stm32cubeide/plugins/com.st.stm32cube.ide.mcu.externaltools.gnu-tools-for-stm32.7-2018-q2-update.win32_1.0.0.201904181610/tools/bin/../lib/gcc/arm-none-eabi/7.3.1/../../../../arm-none-eabi/lib/thumb/v7-m\libc_nano.a(lib_a-rand.o) (malloc)
d:/stm32cubeide_1.0.2/stm32cubeide/plugins/com.st.stm32cube.ide.mcu.externaltools.gnu-tools-for-stm32.7-2018-q2-update.win32_1.0.0.201904181610/tools/bin/../lib/gcc/arm-none-eabi/7.3.1/../../../../arm-none-eabi/lib/thumb/v7-m\libc_nano.a(lib_a-nano-freer.o)
                              d:/stm32cubeide_1.0.2/stm32cubeide/plugins/com.st.stm32cube.ide.mcu.externaltools.gnu-tools-for-stm32.7-2018-q2-update.win32_1.0.0.201904181610/tools/bin/../lib/gcc/arm-none-eabi/7.3.1/../../../../arm-none-eabi/lib/thumb/v7-m\libc_nano.a(lib_a-malloc.o) (_free_r)
d:/stm32cubeide_1.0.2/stm32cubeide/plugins/com.st.stm32cube.ide.mcu.externaltools.gnu-tools-for-stm32.7-2018-q2-update.win32_1.0.0.201904181610/tools/bin/../lib/gcc/arm-none-eabi/7.3.1/../../../../arm-none-eabi/lib/thumb/v7-m\libc_nano.a(lib_a-nano-mallocr.o)
                              d:/stm32cubeide_1.0.2/stm32cubeide/plugins/com.st.stm32cube.ide.mcu.externaltools.gnu-tools-for-stm32.7-2018-q2-update.win32_1.0.0.201904181610/tools/bin/../lib/gcc/arm-none-eabi/7.3.1/../../../../arm-none-eabi/lib/thumb/v7-m\libc_nano.a(lib_a-malloc.o) (_malloc_r)
d:/stm32cubeide_1.0.2/stm32cubeide/plugins/com.st.stm32cube.ide.mcu.externaltools.gnu-tools-for-stm32.7-2018-q2-update.win32_1.0.0.201904181610/tools/bin/../lib/gcc/arm-none-eabi/7.3.1/../../../../arm-none-eabi/lib/thumb/v7-m\libc_nano.a(lib_a-sbrkr.o)
[...]
Memory Configuration

Name             Origin             Length             Attributes
RAM              0x0000000020000000 0x000000000000c000 xrw
FLASH            0x0000000008000000 0x0000000000040000 xr
*default*        0x0000000000000000 0xffffffffffffffff

Linker script and memory map

LOAD d:/stm32cubeide_1.0.2/stm32cubeide/plugins/com.st.stm32cube.ide.mcu.externaltools.gnu-tools-for-stm32.7-2018-q2-update.win32_1.0.0.201904181610/tools/bin/../lib/gcc/arm-none-eabi/7.3.1/thumb/v7-m/crti.o
LOAD d:/stm32cubeide_1.0.2/stm32cubeide/plugins/com.st.stm32cube.ide.mcu.externaltools.gnu-tools-for-stm32.7-2018-q2-update.win32_1.0.0.201904181610/tools/bin/../lib/gcc/arm-none-eabi/7.3.1/thumb/v7-m/crtbegin.o
LOAD d:/stm32cubeide_1.0.2/stm32cubeide/plugins/com.st.stm32cube.ide.mcu.externaltools.gnu-tools-for-stm32.7-2018-q2-update.win32_1.0.0.201904181610/tools/bin/../lib/gcc/arm-none-eabi/7.3.1/../../../../arm-none-eabi/lib/thumb/v7-m/crt0.o
LOAD Drivers/STM32F1xx_HAL_Driver/Src/stm32f1xx_hal.o
LOAD Drivers/STM32F1xx_HAL_Driver/Src/stm32f1xx_hal_cortex.o
LOAD Drivers/STM32F1xx_HAL_Driver/Src/stm32f1xx_hal_dma.o
LOAD Drivers/STM32F1xx_HAL_Driver/Src/stm32f1xx_hal_exti.o
LOAD Drivers/STM32F1xx_HAL_Driver/Src/stm32f1xx_hal_flash.o
LOAD Drivers/STM32F1xx_HAL_Driver/Src/stm32f1xx_hal_flash_ex.o
LOAD Drivers/STM32F1xx_HAL_Driver/Src/stm32f1xx_hal_gpio.o
LOAD Drivers/STM32F1xx_HAL_Driver/Src/stm32f1xx_hal_gpio_ex.o
LOAD Drivers/STM32F1xx_HAL_Driver/Src/stm32f1xx_hal_pwr.o
LOAD Drivers/STM32F1xx_HAL_Driver/Src/stm32f1xx_hal_rcc.o
LOAD Drivers/STM32F1xx_HAL_Driver/Src/stm32f1xx_hal_rcc_ex.o
LOAD Drivers/STM32F1xx_HAL_Driver/Src/stm32f1xx_hal_rtc.o
LOAD Drivers/STM32F1xx_HAL_Driver/Src/stm32f1xx_hal_rtc_ex.o
LOAD Drivers/STM32F1xx_HAL_Driver/Src/stm32f1xx_hal_tim.o
LOAD Drivers/STM32F1xx_HAL_Driver/Src/stm32f1xx_hal_tim_ex.o
LOAD Drivers/STM32F1xx_HAL_Driver/Src/stm32f1xx_hal_uart.o
LOAD Src/basic_draw.o
LOAD Src/draw.o
LOAD Src/lcd.o
LOAD Src/main.o
LOAD Src/run.o
LOAD Src/stm32f1xx_hal_msp.o
LOAD Src/stm32f1xx_it.o
LOAD Src/syscalls.o
LOAD Src/sysmem.o
LOAD Src/system_stm32f1xx.o
LOAD Src/util.o
LOAD Startup/startup_stm32f103rctx.o
START GROUP
LOAD d:/stm32cubeide_1.0.2/stm32cubeide/plugins/com.st.stm32cube.ide.mcu.externaltools.gnu-tools-for-stm32.7-2018-q2-update.win32_1.0.0.201904181610/tools/bin/../lib/gcc/arm-none-eabi/7.3.1/../../../../arm-none-eabi/lib/thumb/v7-m\libc_nano.a
LOAD d:/stm32cubeide_1.0.2/stm32cubeide/plugins/com.st.stm32cube.ide.mcu.externaltools.gnu-tools-for-stm32.7-2018-q2-update.win32_1.0.0.201904181610/tools/bin/../lib/gcc/arm-none-eabi/7.3.1/../../../../arm-none-eabi/lib/thumb/v7-m\libm.a
END GROUP
START GROUP
LOAD d:/stm32cubeide_1.0.2/stm32cubeide/plugins/com.st.stm32cube.ide.mcu.externaltools.gnu-tools-for-stm32.7-2018-q2-update.win32_1.0.0.201904181610/tools/bin/../lib/gcc/arm-none-eabi/7.3.1/thumb/v7-m\libgcc.a
LOAD d:/stm32cubeide_1.0.2/stm32cubeide/plugins/com.st.stm32cube.ide.mcu.externaltools.gnu-tools-for-stm32.7-2018-q2-update.win32_1.0.0.201904181610/tools/bin/../lib/gcc/arm-none-eabi/7.3.1/../../../../arm-none-eabi/lib/thumb/v7-m\libc_nano.a
END GROUP
START GROUP
LOAD d:/stm32cubeide_1.0.2/stm32cubeide/plugins/com.st.stm32cube.ide.mcu.externaltools.gnu-tools-for-stm32.7-2018-q2-update.win32_1.0.0.201904181610/tools/bin/../lib/gcc/arm-none-eabi/7.3.1/thumb/v7-m\libgcc.a
LOAD d:/stm32cubeide_1.0.2/stm32cubeide/plugins/com.st.stm32cube.ide.mcu.externaltools.gnu-tools-for-stm32.7-2018-q2-update.win32_1.0.0.201904181610/tools/bin/../lib/gcc/arm-none-eabi/7.3.1/../../../../arm-none-eabi/lib/thumb/v7-m\libc_nano.a
LOAD d:/stm32cubeide_1.0.2/stm32cubeide/plugins/com.st.stm32cube.ide.mcu.externaltools.gnu-tools-for-stm32.7-2018-q2-update.win32_1.0.0.201904181610/tools/bin/../lib/gcc/arm-none-eabi/7.3.1/../../../../arm-none-eabi/lib/thumb/v7-m\libnosys.a
END GROUP
START GROUP
LOAD d:/stm32cubeide_1.0.2/stm32cubeide/plugins/com.st.stm32cube.ide.mcu.externaltools.gnu-tools-for-stm32.7-2018-q2-update.win32_1.0.0.201904181610/tools/bin/../lib/gcc/arm-none-eabi/7.3.1/thumb/v7-m\libgcc.a
LOAD d:/stm32cubeide_1.0.2/stm32cubeide/plugins/com.st.stm32cube.ide.mcu.externaltools.gnu-tools-for-stm32.7-2018-q2-update.win32_1.0.0.201904181610/tools/bin/../lib/gcc/arm-none-eabi/7.3.1/../../../../arm-none-eabi/lib/thumb/v7-m\libc_nano.a
LOAD d:/stm32cubeide_1.0.2/stm32cubeide/plugins/com.st.stm32cube.ide.mcu.externaltools.gnu-tools-for-stm32.7-2018-q2-update.win32_1.0.0.201904181610/tools/bin/../lib/gcc/arm-none-eabi/7.3.1/../../../../arm-none-eabi/lib/thumb/v7-m\libnosys.a
END GROUP
LOAD d:/stm32cubeide_1.0.2/stm32cubeide/plugins/com.st.stm32cube.ide.mcu.externaltools.gnu-tools-for-stm32.7-2018-q2-update.win32_1.0.0.201904181610/tools/bin/../lib/gcc/arm-none-eabi/7.3.1/thumb/v7-m/crtend.o
LOAD d:/stm32cubeide_1.0.2/stm32cubeide/plugins/com.st.stm32cube.ide.mcu.externaltools.gnu-tools-for-stm32.7-2018-q2-update.win32_1.0.0.201904181610/tools/bin/../lib/gcc/arm-none-eabi/7.3.1/thumb/v7-m/crtn.o
                0x000000002000c000                _estack = 0x2000c000
                0x0000000000000200                _Min_Heap_Size = 0x200
                0x0000000000000400                _Min_Stack_Size = 0x400

.isr_vector     0x0000000008000000      0x1e4
                0x0000000008000000                . = ALIGN (0x4)
 *(.isr_vector)
 .isr_vector    0x0000000008000000      0x1e4 Startup/startup_stm32f103rctx.o
                0x0000000008000000                g_pfnVectors
                0x00000000080001e4                . = ALIGN (0x4)

.text           0x00000000080001e8     0xa1f0
                0x00000000080001e8                . = ALIGN (0x4)
 *(.text)
 .text          0x00000000080001e8       0x40 d:/stm32cubeide_1.0.2/stm32cubeide/plugins/com.st.stm32cube.ide.mcu.externaltools.gnu-tools-for-stm32.7-2018-q2-update.win32_1.0.0.201904181610/tools/bin/../lib/gcc/arm-none-eabi/7.3.1/thumb/v7-m/crtbegin.o
 .text          0x0000000008000228      0x378 d:/stm32cubeide_1.0.2/stm32cubeide/plugins/com.st.stm32cube.ide.mcu.externaltools.gnu-tools-for-stm32.7-2018-q2-update.win32_1.0.0.201904181610/tools/bin/../lib/gcc/arm-none-eabi/7.3.1/thumb/v7-m\libgcc.a(_arm_addsubdf3.o)
                0x0000000008000228                __aeabi_drsub
                0x0000000008000230                __aeabi_dsub
                0x0000000008000230                __subdf3
                0x0000000008000234                __aeabi_dadd
                0x0000000008000234                __adddf3
                0x00000000080004ac                __floatunsidf
                0x00000000080004ac                __aeabi_ui2d
                0x00000000080004cc                __floatsidf
                0x00000000080004cc                __aeabi_i2d
                0x00000000080004f0                __aeabi_f2d
                0x00000000080004f0                __extendsfdf2
                0x0000000008000534                __floatundidf
                0x0000000008000534                __aeabi_ul2d
                0x0000000008000544                __floatdidf
                0x0000000008000544                __aeabi_l2d
 .text          0x00000000080005a0      0x424 d:/stm32cubeide_1.0.2/stm32cubeide/plugins/com.st.stm32cube.ide.mcu.externaltools.gnu-tools-for-stm32.7-2018-q2-update.win32_1.0.0.201904181610/tools/bin/../lib/gcc/arm-none-eabi/7.3.1/thumb/v7-m\libgcc.a(_arm_muldivdf3.o)
                0x00000000080005a0                __aeabi_dmul
                0x00000000080005a0                __muldf3
                0x00000000080007f4                __divdf3
                0x00000000080007f4                __aeabi_ddiv
 .text          0x00000000080009c4       0x40 d:/stm32cubeide_1.0.2/stm32cubeide/plugins/com.st.stm32cube.ide.mcu.externaltools.gnu-tools-for-stm32.7-2018-q2-update.win32_1.0.0.201904181610/tools/bin/../lib/gcc/arm-none-eabi/7.3.1/thumb/v7-m\libgcc.a(_arm_fixunsdfsi.o)
                0x00000000080009c4                __aeabi_d2uiz
                0x00000000080009c4                __fixunsdfsi
 *(.text*)
 .text.HAL_Init
                0x0000000008000a04       0x2c Drivers/STM32F1xx_HAL_Driver/Src/stm32f1xx_hal.o
                0x0000000008000a04                HAL_Init
 .text.HAL_InitTick
                0x0000000008000a30       0x60 Drivers/STM32F1xx_HAL_Driver/Src/stm32f1xx_hal.o
                0x0000000008000a30                HAL_InitTick
 .text.HAL_IncTick
                0x0000000008000a90       0x24 Drivers/STM32F1xx_HAL_Driver/Src/stm32f1xx_hal.o
                0x0000000008000a90                HAL_IncTick
 .text.HAL_GetTick
                0x0000000008000ab4       0x14 Drivers/STM32F1xx_HAL_Driver/Src/stm32f1xx_hal.o
                0x0000000008000ab4                HAL_GetTick
 .text.HAL_Delay
                0x0000000008000ac8       0x44 Drivers/STM32F1xx_HAL_Driver/Src/stm32f1xx_hal.o
                0x0000000008000ac8                HAL_Delay
 .text.__NVIC_SetPriorityGrouping
                0x0000000008000b0c       0x48 Drivers/STM32F1xx_HAL_Driver/Src/stm32f1xx_hal_cortex.o
 .text.__NVIC_GetPriorityGrouping
                0x0000000008000b54       0x1c Drivers/STM32F1xx_HAL_Driver/Src/stm32f1xx_hal_cortex.o
 .text.__NVIC_SetPriority
                0x0000000008000b70       0x54 Drivers/STM32F1xx_HAL_Driver/Src/stm32f1xx_hal_cortex.o
 .text.NVIC_EncodePriority
                0x0000000008000bc4       0x64 Drivers/STM32F1xx_HAL_Driver/Src/stm32f1xx_hal_cortex.o
 .text.SysTick_Config
                0x0000000008000c28       0x44 Drivers/STM32F1xx_HAL_Driver/Src/stm32f1xx_hal_cortex.o
 .text.HAL_NVIC_SetPriorityGrouping
                0x0000000008000c6c       0x16 Drivers/STM32F1xx_HAL_Driver/Src/stm32f1xx_hal_cortex.o
                0x0000000008000c6c                HAL_NVIC_SetPriorityGrouping
 .text.HAL_NVIC_SetPriority
                0x0000000008000c82       0x38 Drivers/STM32F1xx_HAL_Driver/Src/stm32f1xx_hal_cortex.o
                0x0000000008000c82                HAL_NVIC_SetPriority
 .text.HAL_SYSTICK_Config
                0x0000000008000cba       0x18 Drivers/STM32F1xx_HAL_Driver/Src/stm32f1xx_hal_cortex.o
                0x0000000008000cba                HAL_SYSTICK_Config
 *fill*         0x0000000008000cd2        0x2 
 .text.HAL_GPIO_Init
                0x0000000008000cd4      0x2d4 Drivers/STM32F1xx_HAL_Driver/Src/stm32f1xx_hal_gpio.o
                0x0000000008000cd4                HAL_GPIO_Init
 .text.HAL_GPIO_ReadPin
                0x0000000008000fa8       0x2e Drivers/STM32F1xx_HAL_Driver/Src/stm32f1xx_hal_gpio.o
                0x0000000008000fa8                HAL_GPIO_ReadPin
 .text.HAL_GPIO_WritePin
                0x0000000008000fd6       0x30 Drivers/STM32F1xx_HAL_Driver/Src/stm32f1xx_hal_gpio.o
                0x0000000008000fd6                HAL_GPIO_WritePin
 *fill*         0x0000000008001006        0x2 
 .text.HAL_RCC_OscConfig
                0x0000000008001008      0x500 Drivers/STM32F1xx_HAL_Driver/Src/stm32f1xx_hal_rcc.o
                0x0000000008001008                HAL_RCC_OscConfig
 .text.HAL_RCC_ClockConfig
                0x0000000008001508      0x1d4 Drivers/STM32F1xx_HAL_Driver/Src/stm32f1xx_hal_rcc.o
                0x0000000008001508                HAL_RCC_ClockConfig
 .text.HAL_RCC_GetSysClockFreq
                0x00000000080016dc       0xc4 Drivers/STM32F1xx_HAL_Driver/Src/stm32f1xx_hal_rcc.o
                0x00000000080016dc                HAL_RCC_GetSysClockFreq
 .text.HAL_RCC_GetHCLKFreq
                0x00000000080017a0       0x14 Drivers/STM32F1xx_HAL_Driver/Src/stm32f1xx_hal_rcc.o
                0x00000000080017a0                HAL_RCC_GetHCLKFreq
 .text.HAL_RCC_GetPCLK1Freq
                0x00000000080017b4       0x28 Drivers/STM32F1xx_HAL_Driver/Src/stm32f1xx_hal_rcc.o
                0x00000000080017b4                HAL_RCC_GetPCLK1Freq
 .text.HAL_RCC_GetPCLK2Freq
                0x00000000080017dc       0x28 Drivers/STM32F1xx_HAL_Driver/Src/stm32f1xx_hal_rcc.o
                0x00000000080017dc                HAL_RCC_GetPCLK2Freq
 .text.RCC_Delay
                0x0000000008001804       0x3c Drivers/STM32F1xx_HAL_Driver/Src/stm32f1xx_hal_rcc.o
 .text.HAL_RCCEx_PeriphCLKConfig
                0x0000000008001840      0x16c Drivers/STM32F1xx_HAL_Driver/Src/stm32f1xx_hal_rcc_ex.o
                0x0000000008001840                HAL_RCCEx_PeriphCLKConfig
 .text.HAL_RCCEx_GetPeriphCLKFreq
                0x00000000080019ac      0x1d0 Drivers/STM32F1xx_HAL_Driver/Src/stm32f1xx_hal_rcc_ex.o
                0x00000000080019ac                HAL_RCCEx_GetPeriphCLKFreq
 .text.HAL_RTC_Init
                0x0000000008001b7c      0x12c Drivers/STM32F1xx_HAL_Driver/Src/stm32f1xx_hal_rtc.o
                0x0000000008001b7c                HAL_RTC_Init
 .text.HAL_RTC_MspInit
                0x0000000008001ca8       0x12 Drivers/STM32F1xx_HAL_Driver/Src/stm32f1xx_hal_rtc.o
                0x0000000008001ca8                HAL_RTC_MspInit
 .text.HAL_RTC_WaitForSynchro
                0x0000000008001cba       0x5a Drivers/STM32F1xx_HAL_Driver/Src/stm32f1xx_hal_rtc.o
                0x0000000008001cba                HAL_RTC_WaitForSynchro
 .text.RTC_EnterInitMode
                0x0000000008001d14       0x50 Drivers/STM32F1xx_HAL_Driver/Src/stm32f1xx_hal_rtc.o
 .text.RTC_ExitInitMode
                0x0000000008001d64       0x50 Drivers/STM32F1xx_HAL_Driver/Src/stm32f1xx_hal_rtc.o
 .text.HAL_UART_Init
                0x0000000008001db4       0x9a Drivers/STM32F1xx_HAL_Driver/Src/stm32f1xx_hal_uart.o
                0x0000000008001db4                HAL_UART_Init
 .text.HAL_UART_MspInit
                0x0000000008001e4e       0x12 Drivers/STM32F1xx_HAL_Driver/Src/stm32f1xx_hal_uart.o
                0x0000000008001e4e                HAL_UART_MspInit
 .text.UART_SetConfig
                0x0000000008001e60      0x1b4 Drivers/STM32F1xx_HAL_Driver/Src/stm32f1xx_hal_uart.o
 .text.draw_my_plane
                0x0000000008002014       0x68 Src/basic_draw.o
                0x0000000008002014                draw_my_plane
 .text.draw_enemy_plane
                0x000000000800207c       0x68 Src/basic_draw.o
                0x000000000800207c                draw_enemy_plane
 .text.draw_boss
                0x00000000080020e4      0x476 Src/basic_draw.o
                0x00000000080020e4                draw_boss
 .text.draw_my_bullet
                0x000000000800255a       0xa2 Src/basic_draw.o
                0x000000000800255a                draw_my_bullet
 .text.draw_enemy_bullet
                0x00000000080025fc       0xa2 Src/basic_draw.o
                0x00000000080025fc                draw_enemy_bullet
 *fill*         0x000000000800269e        0x2 
 .text.draw_heart
                0x00000000080026a0      0x13c Src/basic_draw.o
                0x00000000080026a0                draw_heart
 .text.draw_equal_triangle
                0x00000000080027dc       0x74 Src/basic_draw.o
                0x00000000080027dc                draw_equal_triangle
 .text.draw_rectangle
                0x0000000008002850       0x66 Src/basic_draw.o
                0x0000000008002850                draw_rectangle
 .text.draw_left_triangle
                0x00000000080028b6       0x72 Src/basic_draw.o
                0x00000000080028b6                draw_left_triangle
 .text.draw_right_triangle
                0x0000000008002928       0x72 Src/basic_draw.o
                0x0000000008002928                draw_right_triangle
 .text.draw_trapezoid
                0x000000000800299a       0xae Src/basic_draw.o
                0x000000000800299a                draw_trapezoid
 .text.draw_reversed_equal_triangle
                0x0000000008002a48       0x88 Src/basic_draw.o
                0x0000000008002a48                draw_reversed_equal_triangle
 .text.draw_reversed_left_triangle
                0x0000000008002ad0       0x72 Src/basic_draw.o
                0x0000000008002ad0                draw_reversed_left_triangle
 .text.draw_reversed_right_triangle
                0x0000000008002b42       0x72 Src/basic_draw.o
                0x0000000008002b42                draw_reversed_right_triangle
 .text.draw_reversed_trapezoid
                0x0000000008002bb4       0xae Src/basic_draw.o
                0x0000000008002bb4                draw_reversed_trapezoid
 *fill*         0x0000000008002c62        0x2 
 .text.draw_start_page
                0x0000000008002c64       0x5c Src/draw.o
                0x0000000008002c64                draw_start_page
 .text.init_play_interface
                0x0000000008002cc0       0x48 Src/draw.o
                0x0000000008002cc0                init_play_interface
 .text.draw_end
                0x0000000008002d08      0x240 Src/draw.o
                0x0000000008002d08                draw_end
 .text.draw_play_title
                0x0000000008002f48       0x70 Src/draw.o
                0x0000000008002f48                draw_play_title
 .text.draw_all_my_buttles
                0x0000000008002fb8       0x4e Src/draw.o
                0x0000000008002fb8                draw_all_my_buttles
 .text.draw_all_enemy_planes
                0x0000000008003006       0x4e Src/draw.o
                0x0000000008003006                draw_all_enemy_planes
 .text.draw_all_enemy_buttles
                0x0000000008003054       0x50 Src/draw.o
                0x0000000008003054                draw_all_enemy_buttles
 .text.draw_play_all
                0x00000000080030a4       0x5c Src/draw.o
                0x00000000080030a4                draw_play_all
 .text.LCD_WR_REG
                0x0000000008003100       0x48 Src/lcd.o
                0x0000000008003100                LCD_WR_REG
 .text.LCD_WR_DATAX
                0x0000000008003148       0x48 Src/lcd.o
                0x0000000008003148                LCD_WR_DATAX
 .text.LCD_RD_DATA
                0x0000000008003190       0x88 Src/lcd.o
                0x0000000008003190                LCD_RD_DATA
 .text.LCD_WriteReg
                0x0000000008003218       0x54 Src/lcd.o
                0x0000000008003218                LCD_WriteReg
 .text.LCD_ReadReg
                0x000000000800326c       0x20 Src/lcd.o
                0x000000000800326c                LCD_ReadReg
 .text.LCD_WriteRAM_Prepare
                0x000000000800328c       0x18 Src/lcd.o
                0x000000000800328c                LCD_WriteRAM_Prepare
 .text.LCD_SetCursor
                0x00000000080032a4      0x598 Src/lcd.o
                0x00000000080032a4                LCD_SetCursor
 .text.LCD_Scan_Dir
                0x000000000800383c      0x624 Src/lcd.o
                0x000000000800383c                LCD_Scan_Dir
 .text.LCD_DrawPoint
                0x0000000008003e60       0x60 Src/lcd.o
                0x0000000008003e60                LCD_DrawPoint
 .text.LCD_Fast_DrawPoint
                0x0000000008003ec0      0x52c Src/lcd.o
                0x0000000008003ec0                LCD_Fast_DrawPoint
 *fill*         0x00000000080043ec        0x4 
 .text.LCD_SSD_BackLightSet
                0x00000000080043f0      0x148 Src/lcd.o
                0x00000000080043f0                LCD_SSD_BackLightSet
 .text.LCD_Display_Dir
                0x0000000008004538      0x218 Src/lcd.o
                0x0000000008004538                LCD_Display_Dir
 .text.LCD_Init
                0x0000000008004750     0x3e5c Src/lcd.o
                0x0000000008004750                LCD_Init
 .text.LCD_Clear
                0x00000000080085ac       0xc4 Src/lcd.o
                0x00000000080085ac                LCD_Clear
 .text.LCD_Fill
                0x0000000008008670      0x118 Src/lcd.o
                0x0000000008008670                LCD_Fill
 .text.LCD_DrawLine
                0x0000000008008788      0x106 Src/lcd.o
                0x0000000008008788                LCD_DrawLine
 *fill*         0x000000000800888e        0x2 
 .text.LCD_ShowChar
                0x0000000008008890      0x15c Src/lcd.o
                0x0000000008008890                LCD_ShowChar
 .text.LCD_Pow  0x00000000080089ec       0x36 Src/lcd.o
                0x00000000080089ec                LCD_Pow
 *fill*         0x0000000008008a22        0x2 
 .text.LCD_ShowxNum
                0x0000000008008a24      0x134 Src/lcd.o
                0x0000000008008a24                LCD_ShowxNum
 .text.LCD_ShowString
                0x0000000008008b58       0x9c Src/lcd.o
                0x0000000008008b58                LCD_ShowString
 .text.main     0x0000000008008bf4      0x1d0 Src/main.o
                0x0000000008008bf4                main
 .text.SystemClock_Config
                0x0000000008008dc4       0xbe Src/main.o
                0x0000000008008dc4                SystemClock_Config
 *fill*         0x0000000008008e82        0x2 
 .text.MX_RTC_Init
                0x0000000008008e84       0x54 Src/main.o
 .text.MX_USART1_UART_Init
                0x0000000008008ed8       0x54 Src/main.o
 .text.MX_GPIO_Init
                0x0000000008008f2c      0x114 Src/main.o
 .text.draw_all_through_struct
                0x0000000008009040       0x40 Src/main.o
                0x0000000008009040                draw_all_through_struct
 .text.all_init
                0x0000000008009080       0x44 Src/main.o
                0x0000000008009080                all_init
 .text.init_interface_info
                0x00000000080090c4       0xf8 Src/main.o
                0x00000000080090c4                init_interface_info
 .text.init_interface_info_second_time
                0x00000000080091bc       0xe4 Src/main.o
                0x00000000080091bc                init_interface_info_second_time
 .text.Error_Handler
                0x00000000080092a0        0xc Src/main.o
                0x00000000080092a0                Error_Handler
 .text.check_overlap
                0x00000000080092ac       0x96 Src/run.o
                0x00000000080092ac                check_overlap
 *fill*         0x0000000008009342        0x2 
 .text.generate_enemy_planes
                0x0000000008009344       0xfc Src/run.o
                0x0000000008009344                generate_enemy_planes
 .text.switch_my_act
                0x0000000008009440      0x17c Src/run.o
                0x0000000008009440                switch_my_act
 .text.update_my_buttles
                0x00000000080095bc       0xc4 Src/run.o
                0x00000000080095bc                update_my_buttles
 .text.update_enemy_buttles
                0x0000000008009680       0xcc Src/run.o
                0x0000000008009680                update_enemy_buttles
 .text.update_enemy_planes
                0x000000000800974c       0xc8 Src/run.o
                0x000000000800974c                update_enemy_planes
 .text.check_my_plane_to_enemy_plane_collide
                0x0000000008009814      0x190 Src/run.o
                0x0000000008009814                check_my_plane_to_enemy_plane_collide
 .text.check_my_buttles_to_enemy_plane_collide
                0x00000000080099a4      0x174 Src/run.o
                0x00000000080099a4                check_my_buttles_to_enemy_plane_collide
 .text.check_my_buttles_to_boss_collide
                0x0000000008009b18      0x128 Src/run.o
                0x0000000008009b18                check_my_buttles_to_boss_collide
 .text.check_my_plane_to_enemy_buttles_collide
                0x0000000008009c40      0x130 Src/run.o
                0x0000000008009c40                check_my_plane_to_enemy_buttles_collide
 .text.generate_enemy_buttles
                0x0000000008009d70       0xb0 Src/run.o
                0x0000000008009d70                generate_enemy_buttles
 .text.generate_boss_buttles
                0x0000000008009e20       0xa4 Src/run.o
                0x0000000008009e20                generate_boss_buttles
 .text.clear_all_enemy_plane
                0x0000000008009ec4       0xe0 Src/run.o
                0x0000000008009ec4                clear_all_enemy_plane
 .text.move_boss
                0x0000000008009fa4       0x80 Src/run.o
                0x0000000008009fa4                move_boss
 .text.HAL_MspInit
                0x000000000800a024       0x64 Src/stm32f1xx_hal_msp.o
                0x000000000800a024                HAL_MspInit
 .text.NMI_Handler
                0x000000000800a088        0xc Src/stm32f1xx_it.o
                0x000000000800a088                NMI_Handler
 .text.HardFault_Handler
                0x000000000800a094        0x6 Src/stm32f1xx_it.o
                0x000000000800a094                HardFault_Handler
 .text.MemManage_Handler
                0x000000000800a09a        0x6 Src/stm32f1xx_it.o
                0x000000000800a09a                MemManage_Handler
 .text.BusFault_Handler
                0x000000000800a0a0        0x6 Src/stm32f1xx_it.o
                0x000000000800a0a0                BusFault_Handler
 .text.UsageFault_Handler
                0x000000000800a0a6        0x6 Src/stm32f1xx_it.o
                0x000000000800a0a6                UsageFault_Handler
 .text.SVC_Handler
                0x000000000800a0ac        0xc Src/stm32f1xx_it.o
                0x000000000800a0ac                SVC_Handler
 .text.DebugMon_Handler
                0x000000000800a0b8        0xc Src/stm32f1xx_it.o
                0x000000000800a0b8                DebugMon_Handler
 .text.PendSV_Handler
                0x000000000800a0c4        0xc Src/stm32f1xx_it.o
                0x000000000800a0c4                PendSV_Handler
 .text.SysTick_Handler
                0x000000000800a0d0        0xc Src/stm32f1xx_it.o
                0x000000000800a0d0                SysTick_Handler
 .text._sbrk    0x000000000800a0dc       0x58 Src/sysmem.o
                0x000000000800a0dc                _sbrk
 .text.SystemInit
                0x000000000800a134       0x68 Src/system_stm32f1xx.o
                0x000000000800a134                SystemInit
 .text.KEY0_to_skip
                0x000000000800a19c       0x24 Src/util.o
                0x000000000800a19c                KEY0_to_skip
 .text.Reset_Handler
                0x000000000800a1c0       0x48 Startup/startup_stm32f103rctx.o
                0x000000000800a1c0                Reset_Handler
 .text.Default_Handler
                0x000000000800a208        0x2 Startup/startup_stm32f103rctx.o
                0x000000000800a208                RTC_Alarm_IRQHandler
                0x000000000800a208                EXTI2_IRQHandler
                0x000000000800a208                TIM8_TRG_COM_IRQHandler
                0x000000000800a208                TIM8_CC_IRQHandler
                0x000000000800a208                TIM1_CC_IRQHandler
                0x000000000800a208                TIM6_IRQHandler
                0x000000000800a208                PVD_IRQHandler
                0x000000000800a208                SDIO_IRQHandler
                0x000000000800a208                EXTI3_IRQHandler
                0x000000000800a208                EXTI0_IRQHandler
                0x000000000800a208                I2C2_EV_IRQHandler
                0x000000000800a208                ADC1_2_IRQHandler
                0x000000000800a208                SPI1_IRQHandler
                0x000000000800a208                TAMPER_IRQHandler
                0x000000000800a208                TIM8_UP_IRQHandler
                0x000000000800a208                DMA2_Channel2_IRQHandler
                0x000000000800a208                DMA1_Channel4_IRQHandler
                0x000000000800a208                USART3_IRQHandler
                0x000000000800a208                RTC_IRQHandler
                0x000000000800a208                DMA1_Channel7_IRQHandler
                0x000000000800a208                CAN1_RX1_IRQHandler
                0x000000000800a208                UART5_IRQHandler
                0x000000000800a208                ADC3_IRQHandler
                0x000000000800a208                TIM4_IRQHandler
                0x000000000800a208                DMA2_Channel1_IRQHandler
                0x000000000800a208                I2C1_EV_IRQHandler
                0x000000000800a208                DMA1_Channel6_IRQHandler
                0x000000000800a208                UART4_IRQHandler
                0x000000000800a208                TIM3_IRQHandler
                0x000000000800a208                RCC_IRQHandler
                0x000000000800a208                TIM1_TRG_COM_IRQHandler
                0x000000000800a208                DMA1_Channel1_IRQHandler
                0x000000000800a208                Default_Handler
                0x000000000800a208                EXTI15_10_IRQHandler
                0x000000000800a208                TIM7_IRQHandler
                0x000000000800a208                TIM5_IRQHandler
                0x000000000800a208                EXTI9_5_IRQHandler
                0x000000000800a208                SPI2_IRQHandler
                0x000000000800a208                DMA1_Channel5_IRQHandler
                0x000000000800a208                EXTI4_IRQHandler
                0x000000000800a208                USB_LP_CAN1_RX0_IRQHandler
                0x000000000800a208                USB_HP_CAN1_TX_IRQHandler
                0x000000000800a208                DMA1_Channel3_IRQHandler
                0x000000000800a208                FSMC_IRQHandler
                0x000000000800a208                TIM1_UP_IRQHandler
                0x000000000800a208                WWDG_IRQHandler
                0x000000000800a208                TIM2_IRQHandler
                0x000000000800a208                TIM1_BRK_IRQHandler
                0x000000000800a208                EXTI1_IRQHandler
                0x000000000800a208                DMA2_Channel4_5_IRQHandler
                0x000000000800a208                USART2_IRQHandler
                0x000000000800a208                I2C2_ER_IRQHandler
                0x000000000800a208                DMA1_Channel2_IRQHandler
                0x000000000800a208                TIM8_BRK_IRQHandler
                0x000000000800a208                CAN1_SCE_IRQHandler
                0x000000000800a208                FLASH_IRQHandler
                0x000000000800a208                USART1_IRQHandler
                0x000000000800a208                SPI3_IRQHandler
                0x000000000800a208                I2C1_ER_IRQHandler
                0x000000000800a208                USBWakeUp_IRQHandler
                0x000000000800a208                DMA2_Channel3_IRQHandler
 *fill*         0x000000000800a20a        0x2 
 .text.__errno  0x000000000800a20c        0xc d:/stm32cubeide_1.0.2/stm32cubeide/plugins/com.st.stm32cube.ide.mcu.externaltools.gnu-tools-for-stm32.7-2018-q2-update.win32_1.0.0.201904181610/tools/bin/../lib/gcc/arm-none-eabi/7.3.1/../../../../arm-none-eabi/lib/thumb/v7-m\libc_nano.a(lib_a-errno.o)
                0x000000000800a20c                __errno
 .text.__libc_init_array
                0x000000000800a218       0x48 d:/stm32cubeide_1.0.2/stm32cubeide/plugins/com.st.stm32cube.ide.mcu.externaltools.gnu-tools-for-stm32.7-2018-q2-update.win32_1.0.0.201904181610/tools/bin/../lib/gcc/arm-none-eabi/7.3.1/../../../../arm-none-eabi/lib/thumb/v7-m\libc_nano.a(lib_a-init.o)
                0x000000000800a218                __libc_init_array
 .text.memset   0x000000000800a260       0x10 d:/stm32cubeide_1.0.2/stm32cubeide/plugins/com.st.stm32cube.ide.mcu.externaltools.gnu-tools-for-stm32.7-2018-q2-update.win32_1.0.0.201904181610/tools/bin/../lib/gcc/arm-none-eabi/7.3.1/../../../../arm-none-eabi/lib/thumb/v7-m\libc_nano.a(lib_a-memset.o)
                0x000000000800a260                memset
 .text.rand     0x000000000800a270       0x68 d:/stm32cubeide_1.0.2/stm32cubeide/plugins/com.st.stm32cube.ide.mcu.externaltools.gnu-tools-for-stm32.7-2018-q2-update.win32_1.0.0.201904181610/tools/bin/../lib/gcc/arm-none-eabi/7.3.1/../../../../arm-none-eabi/lib/thumb/v7-m\libc_nano.a(lib_a-rand.o)
                0x000000000800a270                rand
 .text.malloc   0x000000000800a2d8       0x10 d:/stm32cubeide_1.0.2/stm32cubeide/plugins/com.st.stm32cube.ide.mcu.externaltools.gnu-tools-for-stm32.7-2018-q2-update.win32_1.0.0.201904181610/tools/bin/../lib/gcc/arm-none-eabi/7.3.1/../../../../arm-none-eabi/lib/thumb/v7-m\libc_nano.a(lib_a-malloc.o)
                0x000000000800a2d8                malloc
 .text._malloc_r
                0x000000000800a2e8       0xb4 d:/stm32cubeide_1.0.2/stm32cubeide/plugins/com.st.stm32cube.ide.mcu.externaltools.gnu-tools-for-stm32.7-2018-q2-update.win32_1.0.0.201904181610/tools/bin/../lib/gcc/arm-none-eabi/7.3.1/../../../../arm-none-eabi/lib/thumb/v7-m\libc_nano.a(lib_a-nano-mallocr.o)
                0x000000000800a2e8                _malloc_r
 .text._sbrk_r  0x000000000800a39c       0x20 d:/stm32cubeide_1.0.2/stm32cubeide/plugins/com.st.stm32cube.ide.mcu.externaltools.gnu-tools-for-stm32.7-2018-q2-update.win32_1.0.0.201904181610/tools/bin/../lib/gcc/arm-none-eabi/7.3.1/../../../../arm-none-eabi/lib/thumb/v7-m\libc_nano.a(lib_a-sbrkr.o)
                0x000000000800a39c                _sbrk_r
 .text.__malloc_lock
                0x000000000800a3bc        0x2 d:/stm32cubeide_1.0.2/stm32cubeide/plugins/com.st.stm32cube.ide.mcu.externaltools.gnu-tools-for-stm32.7-2018-q2-update.win32_1.0.0.201904181610/tools/bin/../lib/gcc/arm-none-eabi/7.3.1/../../../../arm-none-eabi/lib/thumb/v7-m\libc_nano.a(lib_a-mlock.o)
                0x000000000800a3bc                __malloc_lock
 .text.__malloc_unlock
                0x000000000800a3be        0x2 d:/stm32cubeide_1.0.2/stm32cubeide/plugins/com.st.stm32cube.ide.mcu.externaltools.gnu-tools-for-stm32.7-2018-q2-update.win32_1.0.0.201904181610/tools/bin/../lib/gcc/arm-none-eabi/7.3.1/../../../../arm-none-eabi/lib/thumb/v7-m\libc_nano.a(lib_a-mlock.o)
                0x000000000800a3be                __malloc_unlock
 *(.glue_7)
 .glue_7        0x000000000800a3c0        0x0 linker stubs
 *(.glue_7t)
 .glue_7t       0x000000000800a3c0        0x0 linker stubs
 *(.eh_frame)
 .eh_frame      0x000000000800a3c0        0x0 d:/stm32cubeide_1.0.2/stm32cubeide/plugins/com.st.stm32cube.ide.mcu.externaltools.gnu-tools-for-stm32.7-2018-q2-update.win32_1.0.0.201904181610/tools/bin/../lib/gcc/arm-none-eabi/7.3.1/thumb/v7-m/crtbegin.o
 *(.init)
 .init          0x000000000800a3c0        0x4 d:/stm32cubeide_1.0.2/stm32cubeide/plugins/com.st.stm32cube.ide.mcu.externaltools.gnu-tools-for-stm32.7-2018-q2-update.win32_1.0.0.201904181610/tools/bin/../lib/gcc/arm-none-eabi/7.3.1/thumb/v7-m/crti.o
                0x000000000800a3c0                _init
 .init          0x000000000800a3c4        0x8 d:/stm32cubeide_1.0.2/stm32cubeide/plugins/com.st.stm32cube.ide.mcu.externaltools.gnu-tools-for-stm32.7-2018-q2-update.win32_1.0.0.201904181610/tools/bin/../lib/gcc/arm-none-eabi/7.3.1/thumb/v7-m/crtn.o
 *(.fini)
 .fini          0x000000000800a3cc        0x4 d:/stm32cubeide_1.0.2/stm32cubeide/plugins/com.st.stm32cube.ide.mcu.externaltools.gnu-tools-for-stm32.7-2018-q2-update.win32_1.0.0.201904181610/tools/bin/../lib/gcc/arm-none-eabi/7.3.1/thumb/v7-m/crti.o
                0x000000000800a3cc                _fini
 .fini          0x000000000800a3d0        0x8 d:/stm32cubeide_1.0.2/stm32cubeide/plugins/com.st.stm32cube.ide.mcu.externaltools.gnu-tools-for-stm32.7-2018-q2-update.win32_1.0.0.201904181610/tools/bin/../lib/gcc/arm-none-eabi/7.3.1/thumb/v7-m/crtn.o
                0x000000000800a3d8                . = ALIGN (0x4)
                0x000000000800a3d8                _etext = .

.vfp11_veneer   0x000000000800a3d8        0x0
 .vfp11_veneer  0x000000000800a3d8        0x0 linker stubs

.v4_bx          0x000000000800a3d8        0x0
 .v4_bx         0x000000000800a3d8        0x0 linker stubs

.iplt           0x000000000800a3d8        0x0
 .iplt          0x000000000800a3d8        0x0 d:/stm32cubeide_1.0.2/stm32cubeide/plugins/com.st.stm32cube.ide.mcu.externaltools.gnu-tools-for-stm32.7-2018-q2-update.win32_1.0.0.201904181610/tools/bin/../lib/gcc/arm-none-eabi/7.3.1/thumb/v7-m/crtbegin.o

.rodata         0x000000000800a3d8     0x1880
                0x000000000800a3d8                . = ALIGN (0x4)
 *(.rodata)
 .rodata        0x000000000800a3d8       0x12 Drivers/STM32F1xx_HAL_Driver/Src/stm32f1xx_hal_rcc.o
 *fill*         0x000000000800a3ea        0x2 
 .rodata        0x000000000800a3ec       0x12 Drivers/STM32F1xx_HAL_Driver/Src/stm32f1xx_hal_rcc_ex.o
 *fill*         0x000000000800a3fe        0x2 
 .rodata        0x000000000800a400       0x7f Src/draw.o
 *(.rodata*)
 *fill*         0x000000000800a47f        0x1 
 .rodata.asc2_1206
                0x000000000800a480      0x474 Src/lcd.o
                0x000000000800a480                asc2_1206
 .rodata.asc2_1608
                0x000000000800a8f4      0x5f0 Src/lcd.o
                0x000000000800a8f4                asc2_1608
 .rodata.asc2_2412
                0x000000000800aee4      0xd5c Src/lcd.o
                0x000000000800aee4                asc2_2412
 .rodata.AHBPrescTable
                0x000000000800bc40       0x10 Src/system_stm32f1xx.o
                0x000000000800bc40                AHBPrescTable
 .rodata.APBPrescTable
                0x000000000800bc50        0x8 Src/system_stm32f1xx.o
                0x000000000800bc50                APBPrescTable
                0x000000000800bc58                . = ALIGN (0x4)

.rel.dyn        0x000000000800bc58        0x0
 .rel.iplt      0x000000000800bc58        0x0 d:/stm32cubeide_1.0.2/stm32cubeide/plugins/com.st.stm32cube.ide.mcu.externaltools.gnu-tools-for-stm32.7-2018-q2-update.win32_1.0.0.201904181610/tools/bin/../lib/gcc/arm-none-eabi/7.3.1/thumb/v7-m/crtbegin.o

.ARM.extab      0x000000000800bc58        0x0
                0x000000000800bc58                . = ALIGN (0x4)
 *(.ARM.extab* .gnu.linkonce.armextab.*)
                0x000000000800bc58                . = ALIGN (0x4)

.ARM            0x000000000800bc58        0x0
                0x000000000800bc58                . = ALIGN (0x4)
                0x000000000800bc58                __exidx_start = .
 *(.ARM.exidx*)
                0x000000000800bc58                __exidx_end = .
                0x000000000800bc58                . = ALIGN (0x4)

.preinit_array  0x000000000800bc58        0x0
                0x000000000800bc58                . = ALIGN (0x4)
                0x000000000800bc58                PROVIDE (__preinit_array_start = .)
 *(.preinit_array*)
                0x000000000800bc58                PROVIDE (__preinit_array_end = .)
                0x000000000800bc58                . = ALIGN (0x4)

.init_array     0x000000000800bc58        0x4
                0x000000000800bc58                . = ALIGN (0x4)
                0x000000000800bc58                PROVIDE (__init_array_start = .)
 *(SORT_BY_NAME(.init_array.*))
 *(.init_array*)
 .init_array    0x000000000800bc58        0x4 d:/stm32cubeide_1.0.2/stm32cubeide/plugins/com.st.stm32cube.ide.mcu.externaltools.gnu-tools-for-stm32.7-2018-q2-update.win32_1.0.0.201904181610/tools/bin/../lib/gcc/arm-none-eabi/7.3.1/thumb/v7-m/crtbegin.o
                0x000000000800bc5c                PROVIDE (__init_array_end = .)
                0x000000000800bc5c                . = ALIGN (0x4)

.fini_array     0x000000000800bc5c        0x4
                0x000000000800bc5c                . = ALIGN (0x4)
                [!provide]                        PROVIDE (__fini_array_start = .)
 *(SORT_BY_NAME(.fini_array.*))
 *(.fini_array*)
 .fini_array    0x000000000800bc5c        0x4 d:/stm32cubeide_1.0.2/stm32cubeide/plugins/com.st.stm32cube.ide.mcu.externaltools.gnu-tools-for-stm32.7-2018-q2-update.win32_1.0.0.201904181610/tools/bin/../lib/gcc/arm-none-eabi/7.3.1/thumb/v7-m/crtbegin.o
                [!provide]                        PROVIDE (__fini_array_end = .)
                0x000000000800bc60                . = ALIGN (0x4)
                0x000000000800bc60                _sidata = LOADADDR (.data)

.data           0x0000000020000000       0x84 load address 0x000000000800bc60
                0x0000000020000000                . = ALIGN (0x4)
                0x0000000020000000                _sdata = .
 *(.data)
 *(.data*)
 .data.uwTickPrio
                0x0000000020000000        0x4 Drivers/STM32F1xx_HAL_Driver/Src/stm32f1xx_hal.o
                0x0000000020000000                uwTickPrio
 .data.uwTickFreq
                0x0000000020000004        0x1 Drivers/STM32F1xx_HAL_Driver/Src/stm32f1xx_hal.o
                0x0000000020000004                uwTickFreq
 *fill*         0x0000000020000005        0x3 
 .data.heart_width
                0x0000000020000008        0x4 Src/basic_draw.o
                0x0000000020000008                heart_width
 .data.heart_height
                0x000000002000000c        0x4 Src/basic_draw.o
                0x000000002000000c                heart_height
 .data.BACK_COLOR
                0x0000000020000010        0x2 Src/lcd.o
                0x0000000020000010                BACK_COLOR
 *fill*         0x0000000020000012        0x2 
 .data.left_limit
                0x0000000020000014        0x4 Src/run.o
                0x0000000020000014                left_limit
 .data.right_limit
                0x0000000020000018        0x4 Src/run.o
                0x0000000020000018                right_limit
 .data.SystemCoreClock
                0x000000002000001c        0x4 Src/system_stm32f1xx.o
                0x000000002000001c                SystemCoreClock
 .data._impure_ptr
                0x0000000020000020        0x4 d:/stm32cubeide_1.0.2/stm32cubeide/plugins/com.st.stm32cube.ide.mcu.externaltools.gnu-tools-for-stm32.7-2018-q2-update.win32_1.0.0.201904181610/tools/bin/../lib/gcc/arm-none-eabi/7.3.1/../../../../arm-none-eabi/lib/thumb/v7-m\libc_nano.a(lib_a-impure.o)
                0x0000000020000020                _impure_ptr
 .data.impure_data
                0x0000000020000024       0x60 d:/stm32cubeide_1.0.2/stm32cubeide/plugins/com.st.stm32cube.ide.mcu.externaltools.gnu-tools-for-stm32.7-2018-q2-update.win32_1.0.0.201904181610/tools/bin/../lib/gcc/arm-none-eabi/7.3.1/../../../../arm-none-eabi/lib/thumb/v7-m\libc_nano.a(lib_a-impure.o)
                0x0000000020000084                . = ALIGN (0x4)
                0x0000000020000084                _edata = .

.igot.plt       0x0000000020000084        0x0 load address 0x000000000800bce4
 .igot.plt      0x0000000020000084        0x0 d:/stm32cubeide_1.0.2/stm32cubeide/plugins/com.st.stm32cube.ide.mcu.externaltools.gnu-tools-for-stm32.7-2018-q2-update.win32_1.0.0.201904181610/tools/bin/../lib/gcc/arm-none-eabi/7.3.1/thumb/v7-m/crtbegin.o
                0x0000000020000084                . = ALIGN (0x4)

.bss            0x0000000020000084      0xd9c load address 0x000000000800bce4
                0x0000000020000084                _sbss = .
                0x0000000020000084                __bss_start__ = _sbss
 *(.bss)
 .bss           0x0000000020000084       0x1c d:/stm32cubeide_1.0.2/stm32cubeide/plugins/com.st.stm32cube.ide.mcu.externaltools.gnu-tools-for-stm32.7-2018-q2-update.win32_1.0.0.201904181610/tools/bin/../lib/gcc/arm-none-eabi/7.3.1/thumb/v7-m/crtbegin.o
 *(.bss*)
 .bss.POINT_COLOR
                0x00000000200000a0        0x2 Src/lcd.o
                0x00000000200000a0                POINT_COLOR
 *fill*         0x00000000200000a2        0x2 
 .bss.heap_end.5149
                0x00000000200000a4        0x4 Src/sysmem.o
 .bss.__malloc_free_list
                0x00000000200000a8        0x4 d:/stm32cubeide_1.0.2/stm32cubeide/plugins/com.st.stm32cube.ide.mcu.externaltools.gnu-tools-for-stm32.7-2018-q2-update.win32_1.0.0.201904181610/tools/bin/../lib/gcc/arm-none-eabi/7.3.1/../../../../arm-none-eabi/lib/thumb/v7-m\libc_nano.a(lib_a-nano-mallocr.o)
                0x00000000200000a8                __malloc_free_list
 .bss.__malloc_sbrk_start
                0x00000000200000ac        0x4 d:/stm32cubeide_1.0.2/stm32cubeide/plugins/com.st.stm32cube.ide.mcu.externaltools.gnu-tools-for-stm32.7-2018-q2-update.win32_1.0.0.201904181610/tools/bin/../lib/gcc/arm-none-eabi/7.3.1/../../../../arm-none-eabi/lib/thumb/v7-m\libc_nano.a(lib_a-nano-mallocr.o)
                0x00000000200000ac                __malloc_sbrk_start
 *(COMMON)
 COMMON         0x00000000200000b0        0x4 Drivers/STM32F1xx_HAL_Driver/Src/stm32f1xx_hal.o
                0x00000000200000b0                uwTick
 COMMON         0x00000000200000b4        0xe Src/lcd.o
                0x00000000200000b4                lcddev
 *fill*         0x00000000200000c2        0x2 
 COMMON         0x00000000200000c4      0xd58 Src/main.o
                0x00000000200000c4                stimestructure
                0x00000000200000c8                interface
                0x0000000020000dc8                huart1
                0x0000000020000e08                hrtc
 COMMON         0x0000000020000e1c        0x4 d:/stm32cubeide_1.0.2/stm32cubeide/plugins/com.st.stm32cube.ide.mcu.externaltools.gnu-tools-for-stm32.7-2018-q2-update.win32_1.0.0.201904181610/tools/bin/../lib/gcc/arm-none-eabi/7.3.1/../../../../arm-none-eabi/lib/thumb/v7-m\libc_nano.a(lib_a-reent.o)
                0x0000000020000e1c                errno
                0x0000000020000e20                . = ALIGN (0x4)
                0x0000000020000e20                _ebss = .
                0x0000000020000e20                __bss_end__ = _ebss

._user_heap_stack
                0x0000000020000e20      0x600 load address 0x000000000800bce4
                0x0000000020000e20                . = ALIGN (0x8)
                0x0000000020000e20                PROVIDE (end = .)
                [!provide]                        PROVIDE (_end = .)
                0x0000000020001020                . = (. + _Min_Heap_Size)
 *fill*         0x0000000020000e20      0x200 
                0x0000000020001420                . = (. + _Min_Stack_Size)
 *fill*         0x0000000020001020      0x400 
                0x0000000020001420                . = ALIGN (0x8)

/DISCARD/
 libc.a(*)
 libm.a(*)
 libgcc.a(*)

.ARM.attributes
                0x0000000000000000       0x29
 *(.ARM.attributes)
 .ARM.attributes
                0x0000000000000000       0x1d d:/stm32cubeide_1.0.2/stm32cubeide/plugins/com.st.stm32cube.ide.mcu.externaltools.gnu-tools-for-stm32.7-2018-q2-update.win32_1.0.0.201904181610/tools/bin/../lib/gcc/arm-none-eabi/7.3.1/thumb/v7-m/crti.o
 .ARM.attributes
                0x000000000000001d       0x2d d:/stm32cubeide_1.0.2/stm32cubeide/plugins/com.st.stm32cube.ide.mcu.externaltools.gnu-tools-for-stm32.7-2018-q2-update.win32_1.0.0.201904181610/tools/bin/../lib/gcc/arm-none-eabi/7.3.1/thumb/v7-m/crtbegin.o
 .ARM.attributes
                0x000000000000004a       0x33 Drivers/STM32F1xx_HAL_Driver/Src/stm32f1xx_hal.o
 .ARM.attributes
                0x000000000000007d       0x33 Drivers/STM32F1xx_HAL_Driver/Src/stm32f1xx_hal_cortex.o
 .ARM.attributes
                0x00000000000000b0       0x33 Drivers/STM32F1xx_HAL_Driver/Src/stm32f1xx_hal_gpio.o
 .ARM.attributes
                0x00000000000000e3       0x33 Drivers/STM32F1xx_HAL_Driver/Src/stm32f1xx_hal_rcc.o
 .ARM.attributes
                0x0000000000000116       0x33 Drivers/STM32F1xx_HAL_Driver/Src/stm32f1xx_hal_rcc_ex.o
 .ARM.attributes
                0x0000000000000149       0x33 Drivers/STM32F1xx_HAL_Driver/Src/stm32f1xx_hal_rtc.o
 .ARM.attributes
                0x000000000000017c       0x33 Drivers/STM32F1xx_HAL_Driver/Src/stm32f1xx_hal_uart.o
 .ARM.attributes
                0x00000000000001af       0x33 Src/basic_draw.o
 .ARM.attributes
                0x00000000000001e2       0x33 Src/draw.o
 .ARM.attributes
                0x0000000000000215       0x33 Src/lcd.o
 .ARM.attributes
                0x0000000000000248       0x33 Src/main.o
 .ARM.attributes
                0x000000000000027b       0x33 Src/run.o
 .ARM.attributes
                0x00000000000002ae       0x33 Src/stm32f1xx_hal_msp.o
 .ARM.attributes
                0x00000000000002e1       0x33 Src/stm32f1xx_it.o
 .ARM.attributes
                0x0000000000000314       0x33 Src/sysmem.o
 .ARM.attributes
                0x0000000000000347       0x33 Src/system_stm32f1xx.o
 .ARM.attributes
                0x000000000000037a       0x33 Src/util.o
 .ARM.attributes
                0x00000000000003ad       0x21 Startup/startup_stm32f103rctx.o
 .ARM.attributes
                0x00000000000003ce       0x2d d:/stm32cubeide_1.0.2/stm32cubeide/plugins/com.st.stm32cube.ide.mcu.externaltools.gnu-tools-for-stm32.7-2018-q2-update.win32_1.0.0.201904181610/tools/bin/../lib/gcc/arm-none-eabi/7.3.1/../../../../arm-none-eabi/lib/thumb/v7-m\libc_nano.a(lib_a-errno.o)
 .ARM.attributes
                0x00000000000003fb       0x2d d:/stm32cubeide_1.0.2/stm32cubeide/plugins/com.st.stm32cube.ide.mcu.externaltools.gnu-tools-for-stm32.7-2018-q2-update.win32_1.0.0.201904181610/tools/bin/../lib/gcc/arm-none-eabi/7.3.1/../../../../arm-none-eabi/lib/thumb/v7-m\libc_nano.a(lib_a-impure.o)
 .ARM.attributes
                0x0000000000000428       0x2d d:/stm32cubeide_1.0.2/stm32cubeide/plugins/com.st.stm32cube.ide.mcu.externaltools.gnu-tools-for-stm32.7-2018-q2-update.win32_1.0.0.201904181610/tools/bin/../lib/gcc/arm-none-eabi/7.3.1/../../../../arm-none-eabi/lib/thumb/v7-m\libc_nano.a(lib_a-init.o)
 .ARM.attributes
                0x0000000000000455       0x2d d:/stm32cubeide_1.0.2/stm32cubeide/plugins/com.st.stm32cube.ide.mcu.externaltools.gnu-tools-for-stm32.7-2018-q2-update.win32_1.0.0.201904181610/tools/bin/../lib/gcc/arm-none-eabi/7.3.1/../../../../arm-none-eabi/lib/thumb/v7-m\libc_nano.a(lib_a-memset.o)
 .ARM.attributes
                0x0000000000000482       0x2d d:/stm32cubeide_1.0.2/stm32cubeide/plugins/com.st.stm32cube.ide.mcu.externaltools.gnu-tools-for-stm32.7-2018-q2-update.win32_1.0.0.201904181610/tools/bin/../lib/gcc/arm-none-eabi/7.3.1/../../../../arm-none-eabi/lib/thumb/v7-m\libc_nano.a(lib_a-rand.o)
 .ARM.attributes
                0x00000000000004af       0x2d d:/stm32cubeide_1.0.2/stm32cubeide/plugins/com.st.stm32cube.ide.mcu.externaltools.gnu-tools-for-stm32.7-2018-q2-update.win32_1.0.0.201904181610/tools/bin/../lib/gcc/arm-none-eabi/7.3.1/../../../../arm-none-eabi/lib/thumb/v7-m\libc_nano.a(lib_a-malloc.o)
 .ARM.attributes
                0x00000000000004dc       0x2d d:/stm32cubeide_1.0.2/stm32cubeide/plugins/com.st.stm32cube.ide.mcu.externaltools.gnu-tools-for-stm32.7-2018-q2-update.win32_1.0.0.201904181610/tools/bin/../lib/gcc/arm-none-eabi/7.3.1/../../../../arm-none-eabi/lib/thumb/v7-m\libc_nano.a(lib_a-nano-mallocr.o)
 .ARM.attributes
                0x0000000000000509       0x2d d:/stm32cubeide_1.0.2/stm32cubeide/plugins/com.st.stm32cube.ide.mcu.externaltools.gnu-tools-for-stm32.7-2018-q2-update.win32_1.0.0.201904181610/tools/bin/../lib/gcc/arm-none-eabi/7.3.1/../../../../arm-none-eabi/lib/thumb/v7-m\libc_nano.a(lib_a-sbrkr.o)
 .ARM.attributes
                0x0000000000000536       0x2d d:/stm32cubeide_1.0.2/stm32cubeide/plugins/com.st.stm32cube.ide.mcu.externaltools.gnu-tools-for-stm32.7-2018-q2-update.win32_1.0.0.201904181610/tools/bin/../lib/gcc/arm-none-eabi/7.3.1/../../../../arm-none-eabi/lib/thumb/v7-m\libc_nano.a(lib_a-mlock.o)
 .ARM.attributes
                0x0000000000000563       0x2d d:/stm32cubeide_1.0.2/stm32cubeide/plugins/com.st.stm32cube.ide.mcu.externaltools.gnu-tools-for-stm32.7-2018-q2-update.win32_1.0.0.201904181610/tools/bin/../lib/gcc/arm-none-eabi/7.3.1/../../../../arm-none-eabi/lib/thumb/v7-m\libc_nano.a(lib_a-reent.o)
 .ARM.attributes
                0x0000000000000590       0x1d d:/stm32cubeide_1.0.2/stm32cubeide/plugins/com.st.stm32cube.ide.mcu.externaltools.gnu-tools-for-stm32.7-2018-q2-update.win32_1.0.0.201904181610/tools/bin/../lib/gcc/arm-none-eabi/7.3.1/thumb/v7-m\libgcc.a(_arm_addsubdf3.o)
 .ARM.attributes
                0x00000000000005ad       0x1d d:/stm32cubeide_1.0.2/stm32cubeide/plugins/com.st.stm32cube.ide.mcu.externaltools.gnu-tools-for-stm32.7-2018-q2-update.win32_1.0.0.201904181610/tools/bin/../lib/gcc/arm-none-eabi/7.3.1/thumb/v7-m\libgcc.a(_arm_muldivdf3.o)
 .ARM.attributes
                0x00000000000005ca       0x1d d:/stm32cubeide_1.0.2/stm32cubeide/plugins/com.st.stm32cube.ide.mcu.externaltools.gnu-tools-for-stm32.7-2018-q2-update.win32_1.0.0.201904181610/tools/bin/../lib/gcc/arm-none-eabi/7.3.1/thumb/v7-m\libgcc.a(_arm_fixunsdfsi.o)
 .ARM.attributes
                0x00000000000005e7       0x1d d:/stm32cubeide_1.0.2/stm32cubeide/plugins/com.st.stm32cube.ide.mcu.externaltools.gnu-tools-for-stm32.7-2018-q2-update.win32_1.0.0.201904181610/tools/bin/../lib/gcc/arm-none-eabi/7.3.1/thumb/v7-m/crtn.o
OUTPUT(plane_fight.elf elf32-littlearm)

.debug_info     0x0000000000000000     0xbf85
 .debug_info    0x0000000000000000      0x764 Drivers/STM32F1xx_HAL_Driver/Src/stm32f1xx_hal.o
 .debug_info    0x0000000000000764      0xbac Drivers/STM32F1xx_HAL_Driver/Src/stm32f1xx_hal_cortex.o
 .debug_info    0x0000000000001310      0x681 Drivers/STM32F1xx_HAL_Driver/Src/stm32f1xx_hal_gpio.o
 .debug_info    0x0000000000001991      0x804 Drivers/STM32F1xx_HAL_Driver/Src/stm32f1xx_hal_rcc.o
 .debug_info    0x0000000000002195      0x453 Drivers/STM32F1xx_HAL_Driver/Src/stm32f1xx_hal_rcc_ex.o
 .debug_info    0x00000000000025e8      0xec0 Drivers/STM32F1xx_HAL_Driver/Src/stm32f1xx_hal_rtc.o
 .debug_info    0x00000000000034a8     0x11e3 Drivers/STM32F1xx_HAL_Driver/Src/stm32f1xx_hal_uart.o
 .debug_info    0x000000000000468b     0x149b Src/basic_draw.o
 .debug_info    0x0000000000005b26      0xbee Src/draw.o
 .debug_info    0x0000000000006714     0x164e Src/lcd.o
 .debug_info    0x0000000000007d62     0x1595 Src/main.o
 .debug_info    0x00000000000092f7      0xf9b Src/run.o
 .debug_info    0x000000000000a292      0x2cb Src/stm32f1xx_hal_msp.o
 .debug_info    0x000000000000a55d      0x1fa Src/stm32f1xx_it.o
 .debug_info    0x000000000000a757      0x91c Src/sysmem.o
 .debug_info    0x000000000000b073      0x433 Src/system_stm32f1xx.o
 .debug_info    0x000000000000b4a6      0xabd Src/util.o
 .debug_info    0x000000000000bf63       0x22 Startup/startup_stm32f103rctx.o

.debug_abbrev   0x0000000000000000     0x2127
 .debug_abbrev  0x0000000000000000      0x1d8 Drivers/STM32F1xx_HAL_Driver/Src/stm32f1xx_hal.o
 .debug_abbrev  0x00000000000001d8      0x2d5 Drivers/STM32F1xx_HAL_Driver/Src/stm32f1xx_hal_cortex.o
 .debug_abbrev  0x00000000000004ad      0x1c0 Drivers/STM32F1xx_HAL_Driver/Src/stm32f1xx_hal_gpio.o
 .debug_abbrev  0x000000000000066d      0x243 Drivers/STM32F1xx_HAL_Driver/Src/stm32f1xx_hal_rcc.o
 .debug_abbrev  0x00000000000008b0      0x175 Drivers/STM32F1xx_HAL_Driver/Src/stm32f1xx_hal_rcc_ex.o
 .debug_abbrev  0x0000000000000a25      0x20a Drivers/STM32F1xx_HAL_Driver/Src/stm32f1xx_hal_rtc.o
 .debug_abbrev  0x0000000000000c2f      0x242 Drivers/STM32F1xx_HAL_Driver/Src/stm32f1xx_hal_uart.o
 .debug_abbrev  0x0000000000000e71      0x234 Src/basic_draw.o
 .debug_abbrev  0x00000000000010a5      0x1dc Src/draw.o
 .debug_abbrev  0x0000000000001281      0x30f Src/lcd.o
 .debug_abbrev  0x0000000000001590      0x2ca Src/main.o
 .debug_abbrev  0x000000000000185a      0x25b Src/run.o
 .debug_abbrev  0x0000000000001ab5      0x109 Src/stm32f1xx_hal_msp.o
 .debug_abbrev  0x0000000000001bbe       0xc6 Src/stm32f1xx_it.o
 .debug_abbrev  0x0000000000001c84      0x1bb Src/sysmem.o
 .debug_abbrev  0x0000000000001e3f      0x134 Src/system_stm32f1xx.o
 .debug_abbrev  0x0000000000001f73      0x1a2 Src/util.o
 .debug_abbrev  0x0000000000002115       0x12 Startup/startup_stm32f103rctx.o

.debug_aranges  0x0000000000000000      0x9d0
 .debug_aranges
                0x0000000000000000       0xe0 Drivers/STM32F1xx_HAL_Driver/Src/stm32f1xx_hal.o
 .debug_aranges
                0x00000000000000e0      0x100 Drivers/STM32F1xx_HAL_Driver/Src/stm32f1xx_hal_cortex.o
 .debug_aranges
                0x00000000000001e0       0x58 Drivers/STM32F1xx_HAL_Driver/Src/stm32f1xx_hal_gpio.o
 .debug_aranges
                0x0000000000000238       0x90 Drivers/STM32F1xx_HAL_Driver/Src/stm32f1xx_hal_rcc.o
 .debug_aranges
                0x00000000000002c8       0x30 Drivers/STM32F1xx_HAL_Driver/Src/stm32f1xx_hal_rcc_ex.o
 .debug_aranges
                0x00000000000002f8       0xf8 Drivers/STM32F1xx_HAL_Driver/Src/stm32f1xx_hal_rtc.o
 .debug_aranges
                0x00000000000003f0      0x1d0 Drivers/STM32F1xx_HAL_Driver/Src/stm32f1xx_hal_uart.o
 .debug_aranges
                0x00000000000005c0       0xa0 Src/basic_draw.o
 .debug_aranges
                0x0000000000000660       0x58 Src/draw.o
 .debug_aranges
                0x00000000000006b8      0x118 Src/lcd.o
 .debug_aranges
                0x00000000000007d0       0x68 Src/main.o
 .debug_aranges
                0x0000000000000838       0x88 Src/run.o
 .debug_aranges
                0x00000000000008c0       0x20 Src/stm32f1xx_hal_msp.o
 .debug_aranges
                0x00000000000008e0       0x60 Src/stm32f1xx_it.o
 .debug_aranges
                0x0000000000000940       0x20 Src/sysmem.o
 .debug_aranges
                0x0000000000000960       0x28 Src/system_stm32f1xx.o
 .debug_aranges
                0x0000000000000988       0x20 Src/util.o
 .debug_aranges
                0x00000000000009a8       0x28 Startup/startup_stm32f103rctx.o

.debug_ranges   0x0000000000000000      0x8b8
 .debug_ranges  0x0000000000000000       0xd0 Drivers/STM32F1xx_HAL_Driver/Src/stm32f1xx_hal.o
 .debug_ranges  0x00000000000000d0       0xf0 Drivers/STM32F1xx_HAL_Driver/Src/stm32f1xx_hal_cortex.o
 .debug_ranges  0x00000000000001c0       0x48 Drivers/STM32F1xx_HAL_Driver/Src/stm32f1xx_hal_gpio.o
 .debug_ranges  0x0000000000000208       0x80 Drivers/STM32F1xx_HAL_Driver/Src/stm32f1xx_hal_rcc.o
 .debug_ranges  0x0000000000000288       0x20 Drivers/STM32F1xx_HAL_Driver/Src/stm32f1xx_hal_rcc_ex.o
 .debug_ranges  0x00000000000002a8       0xe8 Drivers/STM32F1xx_HAL_Driver/Src/stm32f1xx_hal_rtc.o
 .debug_ranges  0x0000000000000390      0x1c0 Drivers/STM32F1xx_HAL_Driver/Src/stm32f1xx_hal_uart.o
 .debug_ranges  0x0000000000000550       0x90 Src/basic_draw.o
 .debug_ranges  0x00000000000005e0       0x48 Src/draw.o
 .debug_ranges  0x0000000000000628      0x108 Src/lcd.o
 .debug_ranges  0x0000000000000730       0x58 Src/main.o
 .debug_ranges  0x0000000000000788       0x78 Src/run.o
 .debug_ranges  0x0000000000000800       0x10 Src/stm32f1xx_hal_msp.o
 .debug_ranges  0x0000000000000810       0x50 Src/stm32f1xx_it.o
 .debug_ranges  0x0000000000000860       0x10 Src/sysmem.o
 .debug_ranges  0x0000000000000870       0x18 Src/system_stm32f1xx.o
 .debug_ranges  0x0000000000000888       0x10 Src/util.o
 .debug_ranges  0x0000000000000898       0x20 Startup/startup_stm32f103rctx.o

.debug_macro    0x0000000000000000    0x16f34
 .debug_macro   0x0000000000000000      0x1bd Drivers/STM32F1xx_HAL_Driver/Src/stm32f1xx_hal.o
 .debug_macro   0x00000000000001bd      0xa5a Drivers/STM32F1xx_HAL_Driver/Src/stm32f1xx_hal.o
 .debug_macro   0x0000000000000c17      0x21b Drivers/STM32F1xx_HAL_Driver/Src/stm32f1xx_hal.o
 .debug_macro   0x0000000000000e32       0x2e Drivers/STM32F1xx_HAL_Driver/Src/stm32f1xx_hal.o
 .debug_macro   0x0000000000000e60       0x22 Drivers/STM32F1xx_HAL_Driver/Src/stm32f1xx_hal.o
 .debug_macro   0x0000000000000e82       0x22 Drivers/STM32F1xx_HAL_Driver/Src/stm32f1xx_hal.o
 .debug_macro   0x0000000000000ea4       0x8e Drivers/STM32F1xx_HAL_Driver/Src/stm32f1xx_hal.o
 .debug_macro   0x0000000000000f32       0x51 Drivers/STM32F1xx_HAL_Driver/Src/stm32f1xx_hal.o
 .debug_macro   0x0000000000000f83       0xef Drivers/STM32F1xx_HAL_Driver/Src/stm32f1xx_hal.o
 .debug_macro   0x0000000000001072       0x6a Drivers/STM32F1xx_HAL_Driver/Src/stm32f1xx_hal.o
 .debug_macro   0x00000000000010dc      0x1df Drivers/STM32F1xx_HAL_Driver/Src/stm32f1xx_hal.o
 .debug_macro   0x00000000000012bb       0x1c Drivers/STM32F1xx_HAL_Driver/Src/stm32f1xx_hal.o
 .debug_macro   0x00000000000012d7       0x22 Drivers/STM32F1xx_HAL_Driver/Src/stm32f1xx_hal.o
 .debug_macro   0x00000000000012f9       0xc3 Drivers/STM32F1xx_HAL_Driver/Src/stm32f1xx_hal.o
 .debug_macro   0x00000000000013bc      0xd23 Drivers/STM32F1xx_HAL_Driver/Src/stm32f1xx_hal.o
 .debug_macro   0x00000000000020df     0xfd8c Drivers/STM32F1xx_HAL_Driver/Src/stm32f1xx_hal.o
 .debug_macro   0x0000000000011e6b       0x43 Drivers/STM32F1xx_HAL_Driver/Src/stm32f1xx_hal.o
 .debug_macro   0x0000000000011eae      0x174 Drivers/STM32F1xx_HAL_Driver/Src/stm32f1xx_hal.o
 .debug_macro   0x0000000000012022       0x5a Drivers/STM32F1xx_HAL_Driver/Src/stm32f1xx_hal.o
 .debug_macro   0x000000000001207c      0x5be Drivers/STM32F1xx_HAL_Driver/Src/stm32f1xx_hal.o
 .debug_macro   0x000000000001263a      0x4d5 Drivers/STM32F1xx_HAL_Driver/Src/stm32f1xx_hal.o
 .debug_macro   0x0000000000012b0f      0x1cb Drivers/STM32F1xx_HAL_Driver/Src/stm32f1xx_hal.o
 .debug_macro   0x0000000000012cda      0x114 Drivers/STM32F1xx_HAL_Driver/Src/stm32f1xx_hal.o
 .debug_macro   0x0000000000012dee      0x1ea Drivers/STM32F1xx_HAL_Driver/Src/stm32f1xx_hal.o
 .debug_macro   0x0000000000012fd8       0x27 Drivers/STM32F1xx_HAL_Driver/Src/stm32f1xx_hal.o
 .debug_macro   0x0000000000012fff      0x144 Drivers/STM32F1xx_HAL_Driver/Src/stm32f1xx_hal.o
 .debug_macro   0x0000000000013143      0x1bc Drivers/STM32F1xx_HAL_Driver/Src/stm32f1xx_hal.o
 .debug_macro   0x00000000000132ff       0x30 Drivers/STM32F1xx_HAL_Driver/Src/stm32f1xx_hal.o
 .debug_macro   0x000000000001332f       0x3c Drivers/STM32F1xx_HAL_Driver/Src/stm32f1xx_hal.o
 .debug_macro   0x000000000001336b       0x57 Drivers/STM32F1xx_HAL_Driver/Src/stm32f1xx_hal.o
 .debug_macro   0x00000000000133c2       0x88 Drivers/STM32F1xx_HAL_Driver/Src/stm32f1xx_hal.o
 .debug_macro   0x000000000001344a      0x24f Drivers/STM32F1xx_HAL_Driver/Src/stm32f1xx_hal.o
 .debug_macro   0x0000000000013699      0x141 Drivers/STM32F1xx_HAL_Driver/Src/stm32f1xx_hal.o
 .debug_macro   0x00000000000137da      0x1ef Drivers/STM32F1xx_HAL_Driver/Src/stm32f1xx_hal.o
 .debug_macro   0x00000000000139c9      0x1cc Drivers/STM32F1xx_HAL_Driver/Src/stm32f1xx_hal.o
 .debug_macro   0x0000000000013b95      0x26b Drivers/STM32F1xx_HAL_Driver/Src/stm32f1xx_hal.o
 .debug_macro   0x0000000000013e00       0xb5 Drivers/STM32F1xx_HAL_Driver/Src/stm32f1xx_hal.o
 .debug_macro   0x0000000000013eb5      0x199 Drivers/STM32F1xx_HAL_Driver/Src/stm32f1xx_hal_cortex.o
 .debug_macro   0x000000000001404e      0x204 Drivers/STM32F1xx_HAL_Driver/Src/stm32f1xx_hal_gpio.o
 .debug_macro   0x0000000000014252      0x1ab Drivers/STM32F1xx_HAL_Driver/Src/stm32f1xx_hal_rcc.o
 .debug_macro   0x00000000000143fd      0x199 Drivers/STM32F1xx_HAL_Driver/Src/stm32f1xx_hal_rcc_ex.o
 .debug_macro   0x0000000000014596      0x1a8 Drivers/STM32F1xx_HAL_Driver/Src/stm32f1xx_hal_rtc.o
 .debug_macro   0x000000000001473e      0x19a Drivers/STM32F1xx_HAL_Driver/Src/stm32f1xx_hal_uart.o
 .debug_macro   0x00000000000148d8      0x286 Src/basic_draw.o
 .debug_macro   0x0000000000014b5e       0x40 Src/basic_draw.o
 .debug_macro   0x0000000000014b9e       0x18 Src/basic_draw.o
 .debug_macro   0x0000000000014bb6       0x46 Src/basic_draw.o
 .debug_macro   0x0000000000014bfc       0x3c Src/basic_draw.o
 .debug_macro   0x0000000000014c38       0x34 Src/basic_draw.o
 .debug_macro   0x0000000000014c6c       0x16 Src/basic_draw.o
 .debug_macro   0x0000000000014c82       0x35 Src/basic_draw.o
 .debug_macro   0x0000000000014cb7       0x52 Src/basic_draw.o
 .debug_macro   0x0000000000014d09       0x1f Src/basic_draw.o
 .debug_macro   0x0000000000014d28       0x43 Src/basic_draw.o
 .debug_macro   0x0000000000014d6b       0x20 Src/basic_draw.o
 .debug_macro   0x0000000000014d8b      0x1a3 Src/basic_draw.o
 .debug_macro   0x0000000000014f2e      0x32a Src/basic_draw.o
 .debug_macro   0x0000000000015258       0x16 Src/basic_draw.o
 .debug_macro   0x000000000001526e       0x29 Src/basic_draw.o
 .debug_macro   0x0000000000015297      0x1dc Src/basic_draw.o
 .debug_macro   0x0000000000015473      0x34f Src/draw.o
 .debug_macro   0x00000000000157c2       0x1c Src/draw.o
 .debug_macro   0x00000000000157de       0x10 Src/draw.o
 .debug_macro   0x00000000000157ee       0x10 Src/draw.o
 .debug_macro   0x00000000000157fe       0x1c Src/draw.o
 .debug_macro   0x000000000001581a       0x52 Src/draw.o
 .debug_macro   0x000000000001586c       0x40 Src/draw.o
 .debug_macro   0x00000000000158ac       0x10 Src/draw.o
 .debug_macro   0x00000000000158bc       0x40 Src/draw.o
 .debug_macro   0x00000000000158fc       0xd7 Src/draw.o
 .debug_macro   0x00000000000159d3       0x1c Src/draw.o
 .debug_macro   0x00000000000159ef       0x3d Src/draw.o
 .debug_macro   0x0000000000015a2c       0x16 Src/draw.o
 .debug_macro   0x0000000000015a42      0x145 Src/draw.o
 .debug_macro   0x0000000000015b87      0x280 Src/lcd.o
 .debug_macro   0x0000000000015e07      0x2b3 Src/main.o
 .debug_macro   0x00000000000160ba       0x1c Src/main.o
 .debug_macro   0x00000000000160d6      0x2da Src/run.o
 .debug_macro   0x00000000000163b0      0x1a8 Src/stm32f1xx_hal_msp.o
 .debug_macro   0x0000000000016558      0x1b2 Src/stm32f1xx_it.o
 .debug_macro   0x000000000001670a      0x1ae Src/sysmem.o
 .debug_macro   0x00000000000168b8      0x23b Src/sysmem.o
 .debug_macro   0x0000000000016af3       0x16 Src/sysmem.o
 .debug_macro   0x0000000000016b09      0x19f Src/system_stm32f1xx.o
 .debug_macro   0x0000000000016ca8      0x28c Src/util.o

.debug_line     0x0000000000000000     0x9e89
 .debug_line    0x0000000000000000      0x7fe Drivers/STM32F1xx_HAL_Driver/Src/stm32f1xx_hal.o
 .debug_line    0x00000000000007fe      0x8d7 Drivers/STM32F1xx_HAL_Driver/Src/stm32f1xx_hal_cortex.o
 .debug_line    0x00000000000010d5      0x826 Drivers/STM32F1xx_HAL_Driver/Src/stm32f1xx_hal_gpio.o
 .debug_line    0x00000000000018fb      0x8c0 Drivers/STM32F1xx_HAL_Driver/Src/stm32f1xx_hal_rcc.o
 .debug_line    0x00000000000021bb      0x6e4 Drivers/STM32F1xx_HAL_Driver/Src/stm32f1xx_hal_rcc_ex.o
 .debug_line    0x000000000000289f      0xaab Drivers/STM32F1xx_HAL_Driver/Src/stm32f1xx_hal_rtc.o
 .debug_line    0x000000000000334a      0xf09 Drivers/STM32F1xx_HAL_Driver/Src/stm32f1xx_hal_uart.o
 .debug_line    0x0000000000004253      0x950 Src/basic_draw.o
 .debug_line    0x0000000000004ba3      0x92c Src/draw.o
 .debug_line    0x00000000000054cf     0x1554 Src/lcd.o
 .debug_line    0x0000000000006a23      0x968 Src/main.o
 .debug_line    0x000000000000738b      0xa98 Src/run.o
 .debug_line    0x0000000000007e23      0x621 Src/stm32f1xx_hal_msp.o
 .debug_line    0x0000000000008444      0x6c4 Src/stm32f1xx_it.o
 .debug_line    0x0000000000008b08      0x54a Src/sysmem.o
 .debug_line    0x0000000000009052      0x651 Src/system_stm32f1xx.o
 .debug_line    0x00000000000096a3      0x767 Src/util.o
 .debug_line    0x0000000000009e0a       0x7f Startup/startup_stm32f103rctx.o

.debug_str      0x0000000000000000    0x7bc38
 .debug_str     0x0000000000000000    0x74bf6 Drivers/STM32F1xx_HAL_Driver/Src/stm32f1xx_hal.o
                                      0x7503c (size before relaxing)
 .debug_str     0x0000000000074bf6      0x326 Drivers/STM32F1xx_HAL_Driver/Src/stm32f1xx_hal_cortex.o
                                      0x7504a (size before relaxing)
 .debug_str     0x0000000000074f1c      0x3a9 Drivers/STM32F1xx_HAL_Driver/Src/stm32f1xx_hal_gpio.o
                                      0x74c91 (size before relaxing)
 .debug_str     0x00000000000752c5      0x373 Drivers/STM32F1xx_HAL_Driver/Src/stm32f1xx_hal_rcc.o
                                      0x74cca (size before relaxing)
 .debug_str     0x0000000000075638      0x151 Drivers/STM32F1xx_HAL_Driver/Src/stm32f1xx_hal_rcc_ex.o
                                      0x74a7d (size before relaxing)
 .debug_str     0x0000000000075789      0x57b Drivers/STM32F1xx_HAL_Driver/Src/stm32f1xx_hal_rtc.o
                                      0x74e88 (size before relaxing)
 .debug_str     0x0000000000075d04      0x864 Drivers/STM32F1xx_HAL_Driver/Src/stm32f1xx_hal_uart.o
                                      0x751b9 (size before relaxing)
 .debug_str     0x0000000000076568     0x3841 Src/basic_draw.o
                                      0x78104 (size before relaxing)
 .debug_str     0x0000000000079da9     0x1286 Src/draw.o
                                      0x791ed (size before relaxing)
 .debug_str     0x000000000007b02f      0x2d4 Src/lcd.o
                                      0x78287 (size before relaxing)
 .debug_str     0x000000000007b303      0x152 Src/main.o
                                      0x78810 (size before relaxing)
 .debug_str     0x000000000007b455      0x18f Src/run.o
                                      0x78178 (size before relaxing)
 .debug_str     0x000000000007b5e4       0x1b Src/stm32f1xx_hal_msp.o
                                      0x749ad (size before relaxing)
 .debug_str     0x000000000007b5ff       0xb8 Src/stm32f1xx_it.o
                                      0x749ca (size before relaxing)
 .debug_str     0x000000000007b6b7      0x4cc Src/sysmem.o
                                       0x7ab7 (size before relaxing)
 .debug_str     0x000000000007bb83       0x69 Src/system_stm32f1xx.o
                                      0x74942 (size before relaxing)
 .debug_str     0x000000000007bbec       0x1b Src/util.o
                                      0x77f77 (size before relaxing)
 .debug_str     0x000000000007bc07       0x31 Startup/startup_stm32f103rctx.o
                                         0x5c (size before relaxing)

.comment        0x0000000000000000       0x7b
 .comment       0x0000000000000000       0x7b Drivers/STM32F1xx_HAL_Driver/Src/stm32f1xx_hal.o
                                         0x7c (size before relaxing)
 .comment       0x000000000000007b       0x7c Drivers/STM32F1xx_HAL_Driver/Src/stm32f1xx_hal_cortex.o
 .comment       0x000000000000007b       0x7c Drivers/STM32F1xx_HAL_Driver/Src/stm32f1xx_hal_gpio.o
 .comment       0x000000000000007b       0x7c Drivers/STM32F1xx_HAL_Driver/Src/stm32f1xx_hal_rcc.o
 .comment       0x000000000000007b       0x7c Drivers/STM32F1xx_HAL_Driver/Src/stm32f1xx_hal_rcc_ex.o
 .comment       0x000000000000007b       0x7c Drivers/STM32F1xx_HAL_Driver/Src/stm32f1xx_hal_rtc.o
 .comment       0x000000000000007b       0x7c Drivers/STM32F1xx_HAL_Driver/Src/stm32f1xx_hal_uart.o
 .comment       0x000000000000007b       0x7c Src/basic_draw.o
 .comment       0x000000000000007b       0x7c Src/draw.o
 .comment       0x000000000000007b       0x7c Src/lcd.o
 .comment       0x000000000000007b       0x7c Src/main.o
 .comment       0x000000000000007b       0x7c Src/run.o
 .comment       0x000000000000007b       0x7c Src/stm32f1xx_hal_msp.o
 .comment       0x000000000000007b       0x7c Src/stm32f1xx_it.o
 .comment       0x000000000000007b       0x7c Src/sysmem.o
 .comment       0x000000000000007b       0x7c Src/system_stm32f1xx.o
 .comment       0x000000000000007b       0x7c Src/util.o

.debug_frame    0x0000000000000000     0x28b0
 .debug_frame   0x0000000000000000      0x334 Drivers/STM32F1xx_HAL_Driver/Src/stm32f1xx_hal.o
 .debug_frame   0x0000000000000334      0x428 Drivers/STM32F1xx_HAL_Driver/Src/stm32f1xx_hal_cortex.o
 .debug_frame   0x000000000000075c      0x14c Drivers/STM32F1xx_HAL_Driver/Src/stm32f1xx_hal_gpio.o
 .debug_frame   0x00000000000008a8      0x21c Drivers/STM32F1xx_HAL_Driver/Src/stm32f1xx_hal_rcc.o
 .debug_frame   0x0000000000000ac4       0x84 Drivers/STM32F1xx_HAL_Driver/Src/stm32f1xx_hal_rcc_ex.o
 .debug_frame   0x0000000000000b48      0x434 Drivers/STM32F1xx_HAL_Driver/Src/stm32f1xx_hal_rtc.o
 .debug_frame   0x0000000000000f7c      0x834 Drivers/STM32F1xx_HAL_Driver/Src/stm32f1xx_hal_uart.o
 .debug_frame   0x00000000000017b0      0x284 Src/basic_draw.o
 .debug_frame   0x0000000000001a34      0x134 Src/draw.o
 .debug_frame   0x0000000000001b68      0x4d4 Src/lcd.o
 .debug_frame   0x000000000000203c      0x15c Src/main.o
 .debug_frame   0x0000000000002198      0x234 Src/run.o
 .debug_frame   0x00000000000023cc       0x38 Src/stm32f1xx_hal_msp.o
 .debug_frame   0x0000000000002404      0x10c Src/stm32f1xx_it.o
 .debug_frame   0x0000000000002510       0x34 Src/sysmem.o
 .debug_frame   0x0000000000002544       0x58 Src/system_stm32f1xx.o
 .debug_frame   0x000000000000259c       0x2c Src/util.o
 .debug_frame   0x00000000000025c8       0x20 d:/stm32cubeide_1.0.2/stm32cubeide/plugins/com.st.stm32cube.ide.mcu.externaltools.gnu-tools-for-stm32.7-2018-q2-update.win32_1.0.0.201904181610/tools/bin/../lib/gcc/arm-none-eabi/7.3.1/../../../../arm-none-eabi/lib/thumb/v7-m\libc_nano.a(lib_a-errno.o)
 .debug_frame   0x00000000000025e8       0x2c d:/stm32cubeide_1.0.2/stm32cubeide/plugins/com.st.stm32cube.ide.mcu.externaltools.gnu-tools-for-stm32.7-2018-q2-update.win32_1.0.0.201904181610/tools/bin/../lib/gcc/arm-none-eabi/7.3.1/../../../../arm-none-eabi/lib/thumb/v7-m\libc_nano.a(lib_a-init.o)
 .debug_frame   0x0000000000002614       0x20 d:/stm32cubeide_1.0.2/stm32cubeide/plugins/com.st.stm32cube.ide.mcu.externaltools.gnu-tools-for-stm32.7-2018-q2-update.win32_1.0.0.201904181610/tools/bin/../lib/gcc/arm-none-eabi/7.3.1/../../../../arm-none-eabi/lib/thumb/v7-m\libc_nano.a(lib_a-memset.o)
 .debug_frame   0x0000000000002634       0x48 d:/stm32cubeide_1.0.2/stm32cubeide/plugins/com.st.stm32cube.ide.mcu.externaltools.gnu-tools-for-stm32.7-2018-q2-update.win32_1.0.0.201904181610/tools/bin/../lib/gcc/arm-none-eabi/7.3.1/../../../../arm-none-eabi/lib/thumb/v7-m\libc_nano.a(lib_a-rand.o)
 .debug_frame   0x000000000000267c       0x30 d:/stm32cubeide_1.0.2/stm32cubeide/plugins/com.st.stm32cube.ide.mcu.externaltools.gnu-tools-for-stm32.7-2018-q2-update.win32_1.0.0.201904181610/tools/bin/../lib/gcc/arm-none-eabi/7.3.1/../../../../arm-none-eabi/lib/thumb/v7-m\libc_nano.a(lib_a-malloc.o)
 .debug_frame   0x00000000000026ac       0x2c d:/stm32cubeide_1.0.2/stm32cubeide/plugins/com.st.stm32cube.ide.mcu.externaltools.gnu-tools-for-stm32.7-2018-q2-update.win32_1.0.0.201904181610/tools/bin/../lib/gcc/arm-none-eabi/7.3.1/../../../../arm-none-eabi/lib/thumb/v7-m\libc_nano.a(lib_a-nano-mallocr.o)
 .debug_frame   0x00000000000026d8       0x2c d:/stm32cubeide_1.0.2/stm32cubeide/plugins/com.st.stm32cube.ide.mcu.externaltools.gnu-tools-for-stm32.7-2018-q2-update.win32_1.0.0.201904181610/tools/bin/../lib/gcc/arm-none-eabi/7.3.1/../../../../arm-none-eabi/lib/thumb/v7-m\libc_nano.a(lib_a-sbrkr.o)
 .debug_frame   0x0000000000002704       0x30 d:/stm32cubeide_1.0.2/stm32cubeide/plugins/com.st.stm32cube.ide.mcu.externaltools.gnu-tools-for-stm32.7-2018-q2-update.win32_1.0.0.201904181610/tools/bin/../lib/gcc/arm-none-eabi/7.3.1/../../../../arm-none-eabi/lib/thumb/v7-m\libc_nano.a(lib_a-mlock.o)
 .debug_frame   0x0000000000002734       0x5c d:/stm32cubeide_1.0.2/stm32cubeide/plugins/com.st.stm32cube.ide.mcu.externaltools.gnu-tools-for-stm32.7-2018-q2-update.win32_1.0.0.201904181610/tools/bin/../lib/gcc/arm-none-eabi/7.3.1/../../../../arm-none-eabi/lib/thumb/v7-m\libc_nano.a(lib_a-reent.o)
 .debug_frame   0x0000000000002790       0xac d:/stm32cubeide_1.0.2/stm32cubeide/plugins/com.st.stm32cube.ide.mcu.externaltools.gnu-tools-for-stm32.7-2018-q2-update.win32_1.0.0.201904181610/tools/bin/../lib/gcc/arm-none-eabi/7.3.1/thumb/v7-m\libgcc.a(_arm_addsubdf3.o)
 .debug_frame   0x000000000000283c       0x50 d:/stm32cubeide_1.0.2/stm32cubeide/plugins/com.st.stm32cube.ide.mcu.externaltools.gnu-tools-for-stm32.7-2018-q2-update.win32_1.0.0.201904181610/tools/bin/../lib/gcc/arm-none-eabi/7.3.1/thumb/v7-m\libgcc.a(_arm_muldivdf3.o)
 .debug_frame   0x000000000000288c       0x24 d:/stm32cubeide_1.0.2/stm32cubeide/plugins/com.st.stm32cube.ide.mcu.externaltools.gnu-tools-for-stm32.7-2018-q2-update.win32_1.0.0.201904181610/tools/bin/../lib/gcc/arm-none-eabi/7.3.1/thumb/v7-m\libgcc.a(_arm_fixunsdfsi.o)
